> Task :app:preBuild UP-TO-DATE
> Task :app:preDebugBuild UP-TO-DATE
> Task :app:mergeDebugNativeDebugMetadata NO-SOURCE
> Task :app:dataBindingMergeDependencyArtifactsDebug FAILED

[Incubating] Problems report is available at: file:///D:/NearNeed_App/build/reports/problems/problems-report.html
.\gradlew : 
At line:1 char:1
+ .\gradlew :app:assembleDebug > build_output.txt 2>&1
+ ~~~~~~~~~~~~~~~~~~~~~~~~~~~~~~~~~~~~~~~~~~~~~~~~~~~~
    + CategoryInfo          : NotSpecified: (:String) [], RemoteException
    + FullyQualifiedErrorId : NativeCommandError
 
FAILURE: Build failed with an exception.

* What went wrong:
Execution failed for task ':app:dataBindingMergeDependencyArtifactsDebug'.
> Could not resolve all dependencies for configuration ':app:debugCompileClasspath'.
   > Configuration `:app:debugRuntimeClasspath` contains AndroidX dependencies, but the `android.useAndroidX` property 
is not enabled, which may cause runtime issues.
     Set `android.useAndroidX=true` in the `gradle.properties` file and retry.
     The following AndroidX dependencies are detected:
     :app:debugRuntimeClasspath -> com.google.firebase:firebase-auth:23.1.0 -> androidx.browser:browser:1.4.0
     :app:debugRuntimeClasspath -> com.google.firebase:firebase-auth:23.1.0 -> androidx.collection:collection:1.1.0
     :app:debugRuntimeClasspath -> com.google.firebase:firebase-firestore:25.1.1 -> 
androidx.annotation:annotation:1.7.1
     :app:debugRuntimeClasspath -> com.google.firebase:firebase-firestore:25.1.1 -> 
androidx.annotation:annotation:1.7.1 -> androidx.annotation:annotation-jvm:1.7.1
     :app:debugRuntimeClasspath -> com.google.firebase:firebase-bom:33.8.0 -> 
com.google.firebase:firebase-common:21.0.0 -> androidx.concurrent:concurrent-futures:1.1.0
     :app:debugRuntimeClasspath -> org.maplibre.gl:android-sdk:11.0.0 -> androidx.interpolator:interpolator:1.0.0
     :app:debugRuntimeClasspath -> com.google.android.material:material:1.10.0 -> androidx.core:core:1.9.0
     :app:debugRuntimeClasspath -> com.google.android.material:material:1.10.0 -> 
androidx.annotation:annotation-experimental:1.3.0
     :app:debugRuntimeClasspath -> com.google.android.material:material:1.10.0 -> 
androidx.lifecycle:lifecycle-runtime:2.6.1
     :app:debugRuntimeClasspath -> androidx.appcompat:appcompat:1.6.1 -> androidx.savedstate:savedstate:1.2.1 -> 
androidx.arch.core:core-common:2.2.0
     :app:debugRuntimeClasspath -> com.google.android.material:material:1.10.0 -> 
androidx.dynamicanimation:dynamicanimation:1.0.0 -> androidx.legacy:legacy-support-core-utils:1.0.0 -> 
androidx.loader:loader:1.0.0 -> androidx.lifecycle:lifecycle-livedata:2.6.1 -> androidx.arch.core:core-runtime:2.2.0
     :app:debugRuntimeClasspath -> androidx.appcompat:appcompat:1.6.1 -> androidx.savedstate:savedstate:1.2.1 -> 
androidx.lifecycle:lifecycle-common:2.6.1
     :app:debugRuntimeClasspath -> com.google.firebase:firebase-auth:23.1.0 -> androidx.fragment:fragment:1.6.2
     :app:debugRuntimeClasspath -> androidx.activity:activity:1.8.0
     :app:debugRuntimeClasspath -> androidx.appcompat:appcompat:1.6.1 -> androidx.lifecycle:lifecycle-viewmodel:2.6.1
     :app:debugRuntimeClasspath -> androidx.appcompat:appcompat:1.6.1 -> androidx.emoji2:emoji2:1.2.0 -> 
androidx.lifecycle:lifecycle-process:2.6.1
     :app:debugRuntimeClasspath -> androidx.appcompat:appcompat:1.6.1 -> androidx.emoji2:emoji2:1.2.0 -> 
androidx.startup:startup-runtime:1.1.1
     :app:debugRuntimeClasspath -> androidx.activity:activity:1.8.0 -> androidx.tracing:tracing:1.0.0
     :app:debugRuntimeClasspath -> com.google.android.material:material:1.10.0 -> 
androidx.dynamicanimation:dynamicanimation:1.0.0 -> androidx.legacy:legacy-support-core-utils:1.0.0 -> 
androidx.loader:loader:1.0.0 -> androidx.lifecycle:lifecycle-livedata:2.6.1 -> 
androidx.lifecycle:lifecycle-livedata-core:2.6.1
     :app:debugRuntimeClasspath -> com.google.android.material:material:1.10.0 -> 
androidx.dynamicanimation:dynamicanimation:1.0.0 -> androidx.legacy:legacy-support-core-utils:1.0.0 -> 
androidx.loader:loader:1.0.0 -> androidx.lifecycle:lifecycle-livedata:2.6.1 -> 
androidx.lifecycle:lifecycle-viewmodel-savedstate:2.6.1
     :app:debugRuntimeClasspath -> androidx.appcompat:appcompat:1.6.1 -> androidx.core:core-ktx:1.9.0
     :app:debugRuntimeClasspath -> androidx.appcompat:appcompat:1.6.1 -> androidx.savedstate:savedstate:1.2.1
     :app:debugRuntimeClasspath -> com.google.android.material:material:1.10.0 -> 
androidx.dynamicanimation:dynamicanimation:1.0.0 -> androidx.legacy:legacy-support-core-utils:1.0.0 -> 
androidx.loader:loader:1.0.0 -> androidx.lifecycle:lifecycle-livedata:2.6.1
     :app:debugRuntimeClasspath -> com.google.android.material:material:1.10.0 -> 
androidx.lifecycle:lifecycle-runtime:2.6.1 -> androidx.profileinstaller:profileinstaller:1.3.0
     :app:debugRuntimeClasspath -> com.google.android.material:material:1.10.0 -> 
androidx.dynamicanimation:dynamicanimation:1.0.0 -> androidx.legacy:legacy-support-core-utils:1.0.0 -> 
androidx.loader:loader:1.0.0
     :app:debugRuntimeClasspath -> com.google.firebase:firebase-auth:23.1.0 -> androidx.fragment:fragment:1.6.2 -> 
androidx.viewpager:viewpager:1.0.0
     :app:debugRuntimeClasspath -> com.google.android.material:material:1.10.0 -> 
androidx.drawerlayout:drawerlayout:1.1.1 -> androidx.customview:customview:1.1.0
     :app:debugRuntimeClasspath -> com.google.android.material:material:1.10.0 -> androidx.core:core:1.9.0 -> 
androidx.versionedparcelable:versionedparcelable:1.1.1
     :app:debugRuntimeClasspath -> com.google.firebase:firebase-auth:23.1.0 -> 
androidx.credentials:credentials:1.2.0-rc01
     :app:debugRuntimeClasspath -> com.google.firebase:firebase-auth:23.1.0 -> 
androidx.credentials:credentials-play-services-auth:1.2.0-rc01
     :app:debugRuntimeClasspath -> com.google.firebase:firebase-auth:23.1.0 -> 
androidx.localbroadcastmanager:localbroadcastmanager:1.0.0
     :app:debugRuntimeClasspath -> androidx.appcompat:appcompat:1.6.1
     :app:debugRuntimeClasspath -> androidx.appcompat:appcompat:1.6.1 -> androidx.appcompat:appcompat-resources:1.6.1
     :app:debugRuntimeClasspath -> com.google.android.material:material:1.10.0 -> 
androidx.vectordrawable:vectordrawable:1.1.0
     :app:debugRuntimeClasspath -> androidx.appcompat:appcompat:1.6.1 -> androidx.appcompat:appcompat-resources:1.6.1 
-> androidx.vectordrawable:vectordrawable-animated:1.1.0
     :app:debugRuntimeClasspath -> androidx.appcompat:appcompat:1.6.1 -> androidx.cursoradapter:cursoradapter:1.0.0
     :app:debugRuntimeClasspath -> com.google.android.material:material:1.10.0 -> 
androidx.drawerlayout:drawerlayout:1.1.1
     :app:debugRuntimeClasspath -> androidx.appcompat:appcompat:1.6.1 -> androidx.emoji2:emoji2:1.2.0
     :app:debugRuntimeClasspath -> androidx.appcompat:appcompat:1.6.1 -> androidx.emoji2:emoji2-views-helper:1.2.0
     :app:debugRuntimeClasspath -> com.google.android.material:material:1.10.0 -> 
androidx.resourceinspection:resourceinspection-annotation:1.0.1
     :app:debugRuntimeClasspath -> com.google.android.material:material:1.10.0
     :app:debugRuntimeClasspath -> com.google.android.material:material:1.10.0 -> androidx.cardview:cardview:1.0.0
     :app:debugRuntimeClasspath -> com.google.android.material:material:1.10.0 -> 
androidx.coordinatorlayout:coordinatorlayout:1.1.0
     :app:debugRuntimeClasspath -> androidx.constraintlayout:constraintlayout:2.1.4
     :app:debugRuntimeClasspath -> androidx.constraintlayout:constraintlayout:2.1.4 -> 
androidx.constraintlayout:constraintlayout-core:1.0.4
     :app:debugRuntimeClasspath -> com.google.android.material:material:1.10.0 -> 
androidx.dynamicanimation:dynamicanimation:1.0.0
     :app:debugRuntimeClasspath -> com.google.android.material:material:1.10.0 -> 
androidx.dynamicanimation:dynamicanimation:1.0.0 -> androidx.legacy:legacy-support-core-utils:1.0.0
     :app:debugRuntimeClasspath -> com.google.android.material:material:1.10.0 -> 
androidx.dynamicanimation:dynamicanimation:1.0.0 -> androidx.legacy:legacy-support-core-utils:1.0.0 -> 
androidx.documentfile:documentfile:1.0.0
     :app:debugRuntimeClasspath -> com.google.android.material:material:1.10.0 -> 
androidx.dynamicanimation:dynamicanimation:1.0.0 -> androidx.legacy:legacy-support-core-utils:1.0.0 -> 
androidx.print:print:1.0.0
     :app:debugRuntimeClasspath -> com.google.android.material:material:1.10.0 -> 
androidx.recyclerview:recyclerview:1.1.0
     :app:debugRuntimeClasspath -> com.google.android.material:material:1.10.0 -> androidx.transition:transition:1.2.0
     :app:debugRuntimeClasspath -> com.google.android.material:material:1.10.0 -> androidx.viewpager2:viewpager2:1.0.0

* Try:
> Run with --stacktrace option to get the stack trace.
> Run with --info or --debug option to get more log output.
> Run with --scan to get full insights from a Build Scan (powered by Develocity).
> Get more help at https://help.gradle.org.

Deprecated Gradle features were used in this build, making it incompatible with Gradle 10.

You can use '--warning-mode all' to show the individual deprecation warnings and determine if they come from your own scripts or plugins.

For more on this, please refer to https://docs.gradle.org/9.4.1/userguide/command_line_interface.html#sec:command_line_warnings in the Gradle documentation.

BUILD FAILED in 1s
1 actionable task: 1 executed
